// Jest Snapshot v1, https://goo.gl/fbAQLP

exports[`LoadingData render 1`] = `
<div
  className="loader-container"
>
  <div
    className="loader"
  >
    <div
      className="text"
    >
      Загрузка данных
    </div>
    <div
      className="dots"
    >
      <div
        className="dot"
      />
      <div
        className="dot"
      />
      <div
        className="dot"
      />
      <div
        className="dot"
      />
    </div>
  </div>
</div>
`;
